E:\Tests\VTP-baseX\VTP-baseX\bin\Debug\Reports\Echopixel_Logo_Ranorex.png;E:\Tests\VTP-baseX\VTP-baseX\bin\Debug\Reports\RanorexReport.css;E:\Tests\VTP-baseX\VTP-baseX\bin\Debug\Reports\RanorexReport.png;E:\Tests\VTP-baseX\VTP-baseX\bin\Debug\Reports\RanorexReport.xsl;E:\Tests\VTP-baseX\VTP-baseX\bin\Debug\Reports\View.rxlog.data