E:\Tests\VTP-baseX\VTP-baseX\bin\Debug\Reports_20250806_163637\RanorexReport.css;E:\Tests\VTP-baseX\VTP-baseX\bin\Debug\Reports_20250806_163637\RanorexReport.png;E:\Tests\VTP-baseX\VTP-baseX\bin\Debug\Reports_20250806_163637\RanorexReport.xsl;E:\Tests\VTP-baseX\VTP-baseX\bin\Debug\Reports_20250806_163637\View.rxlog.data