E:\Tests\VTP-baseX\VTP-baseX\bin\Debug\Reports_20250806_165929\epx_logo.png;E:\Tests\VTP-baseX\VTP-baseX\bin\Debug\Reports_20250806_165929\RanorexReport.css;E:\Tests\VTP-baseX\VTP-baseX\bin\Debug\Reports_20250806_165929\RanorexReport.png;E:\Tests\VTP-baseX\VTP-baseX\bin\Debug\Reports_20250806_165929\RanorexReport.xsl;E:\Tests\VTP-baseX\VTP-baseX\bin\Debug\Reports_20250806_165929\View.rxlog.data